Reading pref.tcl

# 2020.1

# vsim -c -do "run -all; quit -f" work.tb_pause_dos 
# Start time: 23:38:24 on Apr 16,2026
# ** Note: (vsim-3812) Design is being optimized...
# //  ModelSim SE-64 2020.1 Jan 28 2020 Linux 4.18.0-553.111.1.el8_10.x86_64
# //
# //  Copyright 1991-2020 Mentor Graphics Corporation
# //  All Rights Reserved.
# //
# //  ModelSim SE-64 and its associated documentation contain trade
# //  secrets and commercial or financial information that are the property of
# //  Mentor Graphics Corporation and are privileged, confidential,
# //  and exempt from disclosure under the Freedom of Information Act,
# //  5 U.S.C. Section 552. Furthermore, this information
# //  is prohibited from disclosure under the Trade Secrets Act,
# //  18 U.S.C. Section 1905.
# //
# Loading work.tb_pause_dos(fast)
# run -all
# Baseline OK: PauseTimer decremented (PauseTimer=1)
# VULNERABILITY CONFIRMED: pause_dos_enable freezes PauseTimer decrement
# PAUSE_DOS_TEST_PASS
# ** Note: $finish    : /ecel/UFAD/ymahmud/HOST_AHA_Challenge_2026/ethmac/bench/verilog/tb_pause_dos.v(134)
#    Time: 95 ns  Iteration: 1  Instance: /tb_pause_dos
# End time: 23:38:25 on Apr 16,2026, Elapsed time: 0:00:01
# Errors: 0, Warnings: 0
